Hexboard 3x7
(0,0 )      (0,2 )      (0,4 )      (0,6 )      (0,8 )      (0,10)      (0,12)
      (1,1 )      (1,3 )      (1,5 )      (1,7 )      (1,9 )      (1,11)      (1,13)
(2,0 )      (2,2 )      (2,4 )      (2,6 )      (2,8 )      (2,10)      (2,12)
